13:03:17.108 [main] INFO  testCases.TC002_LoginTest.verify_login(TC002_LoginTest.java:27)oggger - ************** loginpage******
13:03:17.611 [main] INFO  testCases.TC002_LoginTest.verify_login(TC002_LoginTest.java:31)oggger - ************** cliked login******
13:03:17.615 [main] INFO  testCases.TC002_LoginTest.verify_login(TC002_LoginTest.java:34)oggger - ************** Accountpage******
13:03:37.700 [main] INFO  testCases.TC002_LoginTest.verify_login(TC002_LoginTest.java:36)oggger - ************** AccountPageExists******
15:06:17.565 [main] INFO  org.testng.log4testng.Logger.info(Logger.java:112)oggger - [TestNG] Running:
  D:\Users\M AMMU\eclipse-workspace_practice\OpencartV21\master.xml

15:06:23.066 [main] INFO  testCases.TC002_LoginTest.verify_login(TC002_LoginTest.java:18)oggger - ************** Starting TC_002_LoginTest******
15:06:23.653 [main] INFO  testCases.TC002_LoginTest.verify_login(TC002_LoginTest.java:24)oggger - ************** homepage******
15:06:23.656 [main] INFO  testCases.TC002_LoginTest.verify_login(TC002_LoginTest.java:27)oggger - ************** loginpage******
15:06:24.281 [main] INFO  testCases.TC002_LoginTest.verify_login(TC002_LoginTest.java:31)oggger - ************** cliked login******
15:06:24.283 [main] INFO  testCases.TC002_LoginTest.verify_login(TC002_LoginTest.java:34)oggger - ************** Accountpage******
15:06:44.380 [main] INFO  testCases.TC002_LoginTest.verify_login(TC002_LoginTest.java:36)oggger - ************** AccountPageExists******
15:41:55.942 [main] INFO  org.testng.log4testng.Logger.info(Logger.java:112)oggger - [TestNG] Running:
  D:\Users\M AMMU\eclipse-workspace_practice\OpencartV21\master.xml

15:41:59.547 [main] INFO  testCases.TC002_LoginTest.verify_login(TC002_LoginTest.java:18)oggger - ************** Starting TC_002_LoginTest******
15:42:00.080 [main] INFO  testCases.TC002_LoginTest.verify_login(TC002_LoginTest.java:24)oggger - ************** homepage******
15:42:00.084 [main] INFO  testCases.TC002_LoginTest.verify_login(TC002_LoginTest.java:27)oggger - ************** loginpage******
15:42:00.626 [main] INFO  testCases.TC002_LoginTest.verify_login(TC002_LoginTest.java:31)oggger - ************** cliked login******
15:42:00.630 [main] INFO  testCases.TC002_LoginTest.verify_login(TC002_LoginTest.java:34)oggger - ************** Accountpage******
15:42:00.758 [main] INFO  testCases.TC002_LoginTest.verify_login(TC002_LoginTest.java:36)oggger - ************** AccountPageExists******
15:42:00.761 [main] INFO  testCases.TC002_LoginTest.verify_login(TC002_LoginTest.java:43)oggger - ************** Finished TC_002_LoginTest******
19:29:42.593 [main] INFO  org.testng.log4testng.Logger.info(Logger.java:112)oggger - [TestNG] Running:
  D:\Users\M AMMU\eclipse-workspace_practice\OpencartV21\master.xml

19:45:17.546 [main] INFO  org.testng.log4testng.Logger.info(Logger.java:112)oggger - [TestNG] Running:
  D:\Users\M AMMU\eclipse-workspace_practice\OpencartV21\master.xml

19:49:37.213 [main] INFO  org.testng.log4testng.Logger.info(Logger.java:112)oggger - [TestNG] Running:
  D:\Users\M AMMU\eclipse-workspace_practice\OpencartV21\master.xml

19:49:41.919 [main] INFO  testCases.TC003_LoginDDT2.verify_loginDDT(TC003_LoginDDT2.java:26)oggger - ******** Starting TC_003_LoginDDT********
19:49:42.593 [main] INFO  testCases.TC003_LoginDDT2.verify_loginDDT(TC003_LoginDDT2.java:32)oggger - ************** homepage******
19:49:42.596 [main] INFO  testCases.TC003_LoginDDT2.verify_loginDDT(TC003_LoginDDT2.java:35)oggger - ************** loginpage******
19:49:43.308 [main] INFO  testCases.TC003_LoginDDT2.verify_loginDDT(TC003_LoginDDT2.java:41)oggger - ************** cliked login******
19:49:43.310 [main] INFO  testCases.TC003_LoginDDT2.verify_loginDDT(TC003_LoginDDT2.java:44)oggger - ************** Accountpage******
19:49:43.427 [main] INFO  testCases.TC003_LoginDDT2.verify_loginDDT(TC003_LoginDDT2.java:46)oggger - ************** AccountPageExists******
19:49:43.437 [main] INFO  testCases.TC003_LoginDDT2.verify_loginDDT(TC003_LoginDDT2.java:53)oggger - ************** Finished TC_002_LoginTest******
19:49:43.460 [main] INFO  testCases.TC003_LoginDDT2.verify_loginDDT(TC003_LoginDDT2.java:26)oggger - ******** Starting TC_003_LoginDDT********
19:49:53.720 [main] INFO  testCases.TC003_LoginDDT2.verify_loginDDT(TC003_LoginDDT2.java:26)oggger - ******** Starting TC_003_LoginDDT********
20:00:05.227 [main] INFO  org.testng.log4testng.Logger.info(Logger.java:112)oggger - [TestNG] Running:
  D:\Users\M AMMU\eclipse-workspace_practice\OpencartV21\master.xml

20:00:09.129 [main] INFO  testCases.TC003_LoginDDT2.verify_loginDDT(TC003_LoginDDT2.java:26)oggger - ******** Starting TC_003_LoginDDT********
20:00:09.655 [main] INFO  testCases.TC003_LoginDDT2.verify_loginDDT(TC003_LoginDDT2.java:32)oggger - ************** homepage******
20:00:09.660 [main] INFO  testCases.TC003_LoginDDT2.verify_loginDDT(TC003_LoginDDT2.java:35)oggger - ************** loginpage******
20:00:10.349 [main] INFO  testCases.TC003_LoginDDT2.verify_loginDDT(TC003_LoginDDT2.java:41)oggger - ************** cliked login******
