20:00:10.354 [main] INFO  testCases.TC003_LoginDDT2.verify_loginDDT(TC003_LoginDDT2.java:44)oggger - ************** Accountpage******
20:00:10.485 [main] INFO  testCases.TC003_LoginDDT2.verify_loginDDT(TC003_LoginDDT2.java:46)oggger - ************** AccountPageExists******
20:00:10.491 [main] INFO  testCases.TC003_LoginDDT2.verify_loginDDT(TC003_LoginDDT2.java:53)oggger - ************** Finished TC_002_LoginTest******
20:00:10.517 [main] INFO  testCases.TC003_LoginDDT2.verify_loginDDT(TC003_LoginDDT2.java:26)oggger - ******** Starting TC_003_LoginDDT********
20:00:20.861 [main] INFO  testCases.TC003_LoginDDT2.verify_loginDDT(TC003_LoginDDT2.java:26)oggger - ******** Starting TC_003_LoginDDT********
20:00:31.071 [main] INFO  testCases.TC003_LoginDDT2.verify_loginDDT(TC003_LoginDDT2.java:26)oggger - ******** Starting TC_003_LoginDDT********
14:22:04.307 [main] INFO  org.testng.log4testng.Logger.info(Logger.java:112)oggger - [TestNG] Running:
  D:\Users\M AMMU\eclipse-workspace_practice\OpencartV21\cross-browsertesting.xml

14:22:19.419 [TestNG-tests-2] INFO  testCases.TC003_LoginDDT2.verify_loginDDT(TC003_LoginDDT2.java:26)oggger - ******** Starting TC_003_LoginDDT********
14:22:20.266 [TestNG-tests-2] INFO  testCases.TC003_LoginDDT2.verify_loginDDT(TC003_LoginDDT2.java:32)oggger - ************** homepage******
14:22:20.270 [TestNG-tests-2] INFO  testCases.TC003_LoginDDT2.verify_loginDDT(TC003_LoginDDT2.java:35)oggger - ************** loginpage******
14:22:21.053 [TestNG-tests-2] INFO  testCases.TC003_LoginDDT2.verify_loginDDT(TC003_LoginDDT2.java:41)oggger - ************** cliked login******
14:22:21.055 [TestNG-tests-2] INFO  testCases.TC003_LoginDDT2.verify_loginDDT(TC003_LoginDDT2.java:44)oggger - ************** Accountpage******
14:22:21.218 [TestNG-tests-2] INFO  testCases.TC003_LoginDDT2.verify_loginDDT(TC003_LoginDDT2.java:46)oggger - ************** AccountPageExists******
14:22:21.221 [TestNG-tests-2] INFO  testCases.TC003_LoginDDT2.verify_loginDDT(TC003_LoginDDT2.java:53)oggger - ************** Finished TC_002_LoginTest******
14:22:21.228 [TestNG-tests-2] INFO  testCases.TC003_LoginDDT2.verify_loginDDT(TC003_LoginDDT2.java:26)oggger - ******** Starting TC_003_LoginDDT********
14:23:07.439 [main] INFO  org.testng.log4testng.Logger.info(Logger.java:112)oggger - [TestNG] Running:
  D:\Users\M AMMU\eclipse-workspace_practice\OpencartV21\master.xml

14:23:12.181 [main] INFO  testCases.TC003_LoginDDT2.verify_loginDDT(TC003_LoginDDT2.java:26)oggger - ******** Starting TC_003_LoginDDT********
14:23:12.855 [main] INFO  testCases.TC003_LoginDDT2.verify_loginDDT(TC003_LoginDDT2.java:32)oggger - ************** homepage******
14:23:12.861 [main] INFO  testCases.TC003_LoginDDT2.verify_loginDDT(TC003_LoginDDT2.java:35)oggger - ************** loginpage******
14:23:13.470 [main] INFO  testCases.TC003_LoginDDT2.verify_loginDDT(TC003_LoginDDT2.java:41)oggger - ************** cliked login******
14:23:13.473 [main] INFO  testCases.TC003_LoginDDT2.verify_loginDDT(TC003_LoginDDT2.java:44)oggger - ************** Accountpage******
14:23:13.596 [main] INFO  testCases.TC003_LoginDDT2.verify_loginDDT(TC003_LoginDDT2.java:46)oggger - ************** AccountPageExists******
14:23:13.603 [main] INFO  testCases.TC003_LoginDDT2.verify_loginDDT(TC003_LoginDDT2.java:53)oggger - ************** Finished TC_002_LoginTest******
14:23:13.628 [main] INFO  testCases.TC003_LoginDDT2.verify_loginDDT(TC003_LoginDDT2.java:26)oggger - ******** Starting TC_003_LoginDDT********
14:23:23.907 [main] INFO  testCases.TC003_LoginDDT2.verify_loginDDT(TC003_LoginDDT2.java:26)oggger - ******** Starting TC_003_LoginDDT********
14:23:34.175 [main] INFO  testCases.TC003_LoginDDT2.verify_loginDDT(TC003_LoginDDT2.java:26)oggger - ******** Starting TC_003_LoginDDT********
